// Jest Snapshot v1, https://goo.gl/fbAQLP

exports[`App Container should match snapshot 1`] = `
ShallowWrapper {
  Symbol(enzyme.__root__): [Circular],
  Symbol(enzyme.__unrendered__): <App />,
  Symbol(enzyme.__renderer__): Object {
    "batchedUpdates": [Function],
    "getNode": [Function],
    "render": [Function],
    "simulateError": [Function],
    "simulateEvent": [Function],
    "unmount": [Function],
  },
  Symbol(enzyme.__node__): Object {
    "instance": null,
    "key": undefined,
    "nodeType": "function",
    "props": Object {
      "children": Array [
        <Connect(Header) />,
        <Hero />,
        <ForwardRef>
          <ForwardRef>
            Your Comics
          </ForwardRef>
        </ForwardRef>,
      ],
    },
    "ref": null,
    "rendered": Array [
      Object {
        "instance": null,
        "key": undefined,
        "nodeType": "class",
        "props": Object {},
        "ref": null,
        "rendered": null,
        "type": [Function],
      },
      Object {
        "instance": null,
        "key": undefined,
        "nodeType": "function",
        "props": Object {},
        "ref": null,
        "rendered": null,
        "type": [Function],
      },
      Object {
        "instance": null,
        "key": undefined,
        "nodeType": "function",
        "props": Object {
          "children": <ForwardRef>
            Your Comics
          </ForwardRef>,
        },
        "ref": null,
        "rendered": Object {
          "instance": null,
          "key": undefined,
          "nodeType": "function",
          "props": Object {
            "children": "Your Comics",
          },
          "ref": null,
          "rendered": "Your Comics",
          "type": Object {
            "$$typeof": Symbol(react.forward_ref),
            "attrs": undefined,
            "componentStyle": ComponentStyle {
              "componentId": "sc-dnqmqq",
              "isStatic": true,
              "rules": Array [
                "
  color: #af7a6d;
  margin-top: 2em;
  text-align: center;
",
              ],
            },
            "displayName": "styled.h2",
            "render": [Function],
            "styledComponentId": "sc-dnqmqq",
            "target": "h2",
            "toString": [Function],
            "warnTooManyClasses": [Function],
            "withComponent": [Function],
          },
        },
        "type": Object {
          "$$typeof": Symbol(react.forward_ref),
          "attrs": undefined,
          "componentStyle": ComponentStyle {
            "componentId": "sc-htoDjs",
            "isStatic": true,
            "rules": Array [],
          },
          "displayName": "styled.section",
          "render": [Function],
          "styledComponentId": "sc-htoDjs",
          "target": "section",
          "toString": [Function],
          "warnTooManyClasses": [Function],
          "withComponent": [Function],
        },
      },
    ],
    "type": Object {
      "$$typeof": Symbol(react.forward_ref),
      "attrs": undefined,
      "componentStyle": ComponentStyle {
        "componentId": "sc-gzVnrw",
        "isStatic": true,
        "rules": Array [
          "
  background-color: #ccc7b9;
",
        ],
      },
      "displayName": "styled.div",
      "render": [Function],
      "styledComponentId": "sc-gzVnrw",
      "target": "div",
      "toString": [Function],
      "warnTooManyClasses": [Function],
      "withComponent": [Function],
    },
  },
  Symbol(enzyme.__nodes__): Array [
    Object {
      "instance": null,
      "key": undefined,
      "nodeType": "function",
      "props": Object {
        "children": Array [
          <Connect(Header) />,
          <Hero />,
          <ForwardRef>
            <ForwardRef>
              Your Comics
            </ForwardRef>
          </ForwardRef>,
        ],
      },
      "ref": null,
      "rendered": Array [
        Object {
          "instance": null,
          "key": undefined,
          "nodeType": "class",
          "props": Object {},
          "ref": null,
          "rendered": null,
          "type": [Function],
        },
        Object {
          "instance": null,
          "key": undefined,
          "nodeType": "function",
          "props": Object {},
          "ref": null,
          "rendered": null,
          "type": [Function],
        },
        Object {
          "instance": null,
          "key": undefined,
          "nodeType": "function",
          "props": Object {
            "children": <ForwardRef>
              Your Comics
            </ForwardRef>,
          },
          "ref": null,
          "rendered": Object {
            "instance": null,
            "key": undefined,
            "nodeType": "function",
            "props": Object {
              "children": "Your Comics",
            },
            "ref": null,
            "rendered": "Your Comics",
            "type": Object {
              "$$typeof": Symbol(react.forward_ref),
              "attrs": undefined,
              "componentStyle": ComponentStyle {
                "componentId": "sc-dnqmqq",
                "isStatic": true,
                "rules": Array [
                  "
  color: #af7a6d;
  margin-top: 2em;
  text-align: center;
",
                ],
              },
              "displayName": "styled.h2",
              "render": [Function],
              "styledComponentId": "sc-dnqmqq",
              "target": "h2",
              "toString": [Function],
              "warnTooManyClasses": [Function],
              "withComponent": [Function],
            },
          },
          "type": Object {
            "$$typeof": Symbol(react.forward_ref),
            "attrs": undefined,
            "componentStyle": ComponentStyle {
              "componentId": "sc-htoDjs",
              "isStatic": true,
              "rules": Array [],
            },
            "displayName": "styled.section",
            "render": [Function],
            "styledComponentId": "sc-htoDjs",
            "target": "section",
            "toString": [Function],
            "warnTooManyClasses": [Function],
            "withComponent": [Function],
          },
        },
      ],
      "type": Object {
        "$$typeof": Symbol(react.forward_ref),
        "attrs": undefined,
        "componentStyle": ComponentStyle {
          "componentId": "sc-gzVnrw",
          "isStatic": true,
          "rules": Array [
            "
  background-color: #ccc7b9;
",
          ],
        },
        "displayName": "styled.div",
        "render": [Function],
        "styledComponentId": "sc-gzVnrw",
        "target": "div",
        "toString": [Function],
        "warnTooManyClasses": [Function],
        "withComponent": [Function],
      },
    },
  ],
  Symbol(enzyme.__options__): Object {
    "adapter": ReactSixteenAdapter {
      "options": Object {
        "enableComponentDidUpdateOnSetState": true,
        "lifecycles": Object {
          "componentDidUpdate": Object {
            "onSetState": true,
          },
          "getDerivedStateFromProps": true,
          "getSnapshotBeforeUpdate": true,
          "setState": Object {
            "skipsComponentDidUpdateOnNullish": true,
          },
        },
      },
    },
  },
}
`;
