// Jest Snapshot v1, https://goo.gl/fbAQLP

exports[`UserLoggedIn UserLoggedIn should match snapshot 1`] = `
ShallowWrapper {
  Symbol(enzyme.__root__): [Circular],
  Symbol(enzyme.__unrendered__): <UserLoggedIn
    comics={
      Array [
        Object {
          "description": "Born with super-human senses and the power to heal from almost any wound, Wolverine was captured by a secret Canadian organization and given an unbreakable skeleton and claws. Treated like an animal, it took years for him to control himself. Now, he's a premiere member of both the X-Men and the Avengers.",
          "id": 1009718,
          "name": "Wolverine",
        },
        Object {
          "description": "Born with super-human senses and the power to heal from almost any wound, Wolverine was captured by a secret Canadian organization and given an unbreakable skeleton and claws. Treated like an animal, it took years for him to control himself. Now, he's a premiere member of both the X-Men and the Avengers.",
          "id": 1009718,
          "name": "Wolverine",
        },
      ]
    }
    user={
      Object {
        "comics": Array [
          Object {
            "description": "Born with super-human senses and the power to heal from almost any wound, Wolverine was captured by a secret Canadian organization and given an unbreakable skeleton and claws. Treated like an animal, it took years for him to control himself. Now, he's a premiere member of both the X-Men and the Avengers.",
            "id": 1009718,
            "name": "Wolverine",
          },
          Object {
            "description": "Born with super-human senses and the power to heal from almost any wound, Wolverine was captured by a secret Canadian organization and given an unbreakable skeleton and claws. Treated like an animal, it took years for him to control himself. Now, he's a premiere member of both the X-Men and the Avengers.",
            "id": 1009718,
            "name": "Wolverine",
          },
        ],
        "name": "mark",
      }
    }
  />,
  Symbol(enzyme.__renderer__): Object {
    "batchedUpdates": [Function],
    "getNode": [Function],
    "render": [Function],
    "simulateError": [Function],
    "simulateEvent": [Function],
    "unmount": [Function],
  },
  Symbol(enzyme.__node__): Object {
    "instance": null,
    "key": undefined,
    "nodeType": "host",
    "props": Object {
      "children": Array [
        <h1>
          Welcome 
          mark
        </h1>,
        <ForwardRef />,
      ],
    },
    "ref": null,
    "rendered": Array [
      Object {
        "instance": null,
        "key": undefined,
        "nodeType": "host",
        "props": Object {
          "children": Array [
            "Welcome ",
            "mark",
          ],
        },
        "ref": null,
        "rendered": Array [
          "Welcome ",
          "mark",
        ],
        "type": "h1",
      },
      Object {
        "instance": null,
        "key": undefined,
        "nodeType": "function",
        "props": Object {
          "children": Array [],
        },
        "ref": null,
        "rendered": Array [],
        "type": Object {
          "$$typeof": Symbol(react.forward_ref),
          "attrs": undefined,
          "componentStyle": ComponentStyle {
            "componentId": "sc-bxivhb",
            "isStatic": true,
            "rules": Array [
              "
  display: grid;
  justify-items: center;
  grid-template-columns: repeat(auto-fit, minmax(280px, 1fr));
  grid-gap: 10px 5px;
  margin-top: 2em;
",
            ],
          },
          "displayName": "styled.div",
          "render": [Function],
          "styledComponentId": "sc-bxivhb",
          "target": "div",
          "toString": [Function],
          "warnTooManyClasses": [Function],
          "withComponent": [Function],
        },
      },
    ],
    "type": "div",
  },
  Symbol(enzyme.__nodes__): Array [
    Object {
      "instance": null,
      "key": undefined,
      "nodeType": "host",
      "props": Object {
        "children": Array [
          <h1>
            Welcome 
            mark
          </h1>,
          <ForwardRef />,
        ],
      },
      "ref": null,
      "rendered": Array [
        Object {
          "instance": null,
          "key": undefined,
          "nodeType": "host",
          "props": Object {
            "children": Array [
              "Welcome ",
              "mark",
            ],
          },
          "ref": null,
          "rendered": Array [
            "Welcome ",
            "mark",
          ],
          "type": "h1",
        },
        Object {
          "instance": null,
          "key": undefined,
          "nodeType": "function",
          "props": Object {
            "children": Array [],
          },
          "ref": null,
          "rendered": Array [],
          "type": Object {
            "$$typeof": Symbol(react.forward_ref),
            "attrs": undefined,
            "componentStyle": ComponentStyle {
              "componentId": "sc-bxivhb",
              "isStatic": true,
              "rules": Array [
                "
  display: grid;
  justify-items: center;
  grid-template-columns: repeat(auto-fit, minmax(280px, 1fr));
  grid-gap: 10px 5px;
  margin-top: 2em;
",
              ],
            },
            "displayName": "styled.div",
            "render": [Function],
            "styledComponentId": "sc-bxivhb",
            "target": "div",
            "toString": [Function],
            "warnTooManyClasses": [Function],
            "withComponent": [Function],
          },
        },
      ],
      "type": "div",
    },
  ],
  Symbol(enzyme.__options__): Object {
    "adapter": ReactSixteenAdapter {
      "options": Object {
        "enableComponentDidUpdateOnSetState": true,
        "lifecycles": Object {
          "componentDidUpdate": Object {
            "onSetState": true,
          },
          "getDerivedStateFromProps": true,
          "getSnapshotBeforeUpdate": true,
          "setState": Object {
            "skipsComponentDidUpdateOnNullish": true,
          },
        },
      },
    },
  },
}
`;
